{"HostConfigHash":"5da68b8","CardHash":"5fc84c6","Error":null}