{"HostConfigHash":"9f2d152","CardHash":"5fc84c6","Error":null}