{"HostConfigHash":"9aebe2c","CardHash":"5fc84c6","Error":null}