{"HostConfigHash":"6e7bf22","CardHash":"5fc84c6","Error":null}