{"HostConfigHash":"f813d32","CardHash":"5fc84c6","Error":null}