{"actions":[{"card":{"actions":[{"title":"OK","type":"Action.OpenUrl","url":"http://adaptivecards.io/"}],"body":[{"id":"dueDate","isRequired":false,"type":"Input.Date"},{"id":"comment","isMultiline":true,"isRequired":false,"placeholder":"Add a comment","type":"Input.Text"}],"type":"AdaptiveCard","version":"1.0"},"title":"Set due date","type":"Action.ShowCard"},{"title":"View","type":"Action.OpenUrl","url":"http://adaptivecards.io/"}],"body":[],"type":"AdaptiveCard","version":"1.0"}