{"actions":[],"body":[{"id":"A","items":[{"id":"B","items":[{"columns":[{"id":"D","items":[{"id":"E","someProperty":"blah","type":"Graph"}],"type":"Column"}],"id":"C","type":"ColumnSet"}],"type":"Container"}],"type":"Container"},{"id":"F","text":"F TextBlock","type":"TextBlock"},{"id":"G","isRequired":false,"placeholder":"G Input.Text","type":"Input.Text"},{"id":"H","someProperty":"foo","type":"Graph"}],"type":"AdaptiveCard","version":"1.2"}