{"actions":[{"title":"Action.OpenUrl","type":"Action.OpenUrl","url":"http://adaptivecards.io/"}],"body":[{"text":"This card's action will open a URL","type":"TextBlock"}],"type":"AdaptiveCard","version":"1.0"}