{"actions":[{"title":"More Info","type":"Action.OpenUrl","url":"https://www.youtube.com/watch?v=dQw4w9WgXcQ"}],"body":[{"columns":[{"items":[{"text":"PIZZA","type":"TextBlock"},{"size":"ExtraLarge","spacing":"none","text":"Tom's Pie","type":"TextBlock","weight":"Bolder"},{"isSubtle":true,"spacing":"none","text":"4.2 ★★★☆ (93) · $$","type":"TextBlock"},{"size":"Small","text":"**Matt H. said** \"I'm compelled to give this place 5 stars due to the number of times I've chosen to eat here this past year!\"","type":"TextBlock","wrap":true}],"type":"Column","width":"2"},{"items":[{"size":"Auto","type":"Image","url":"https://picsum.photos/300?image=882"}],"type":"Column","width":"1"}],"speak":"<s>Tom's Pie is a Pizza restaurant which is rated 9.3 by customers.</s>","type":"ColumnSet"}],"type":"AdaptiveCard","version":"1.0"}