{"actions":[{"title":"Default","type":"Action.Submit"},{"sentiment":"positive","title":"Pawsitive","type":"Action.Submit"},{"sentiment":"destructive","title":"Destructive","type":"Action.Submit"},{"sentiment":"other","title":"Other","type":"Action.Submit"}],"body":[{"text":"This card has two actions, one of which has an icon. The icon is always placed to the left of title.","type":"TextBlock","wrap":true}],"type":"AdaptiveCard","version":"1.2"}