{"actions":[{"title":"Default","type":"Action.OpenUrl","url":"http://adaptivecards.io/"},{"sentiment":"positive","title":"Pawsitive","type":"Action.OpenUrl","url":"http://adaptivecards.io/"},{"sentiment":"destructive","title":"Destructive","type":"Action.OpenUrl","url":"http://adaptivecards.io/"},{"sentiment":"other","title":"Other","type":"Action.OpenUrl","url":"http://adaptivecards.io/"}],"body":[{"text":"This card has two actions, one of which has an icon. The icon is always placed to the left of title.","type":"TextBlock","wrap":true}],"type":"AdaptiveCard","version":"1.2"}