{"HostConfigHash":"1bb97f8","CardHash":"5fc84c6","Error":null}