{"HostConfigHash":"68476db","CardHash":"5fc84c6","Error":null}